// Jest Snapshot v1, https://goo.gl/fbAQLP

exports[`Row component Creates with two rows 1`] = `null`;
