{
    "id": null,
    "fields": null,
    "name": null,
    "forms": null,
    "settings": null,
    "form": null
}
