// Jest Snapshot v1, https://goo.gl/fbAQLP

exports[`FormEditor should match snapshot 1`] = `
<div>
  <div
    className="sc-bdVaJa caldera-row sc-bwzfXH pjOvZ"
    id={undefined}
  >
    <div
      className="caldera-column sc-bdVaJa iHZvIS"
      id={undefined}
      width={undefined}
    >
      <p>
        Form Name
      </p>
    </div>
  </div>
  <div
    className="caldera-processor"
  >
    <div
      aria-orientation="horizontal"
      className="components-tab-panel__tabs"
      onFocus={undefined}
      onKeyDown={[Function]}
      role="tablist"
    >
      <button
        aria-controls="0-editor-view"
        aria-selected={false}
        className="caldera-forms-editor-layout-tab-btn "
        id="0-editor"
        onClick={[Function]}
        role="tab"
        tabIndex={-1}
      >
        Layout
      </button>
      <button
        aria-controls="0-processors-view"
        aria-selected={true}
        className="caldera-forms-editor-processors-tab-btn active-tab"
        id="0-processors"
        onClick={[Function]}
        role="tab"
        tabIndex={null}
      >
        Processors
      </button>
      <button
        aria-controls="0-Mailer-view"
        aria-selected={false}
        className="caldera-forms-editor-mailer-tab-btn "
        id="0-Mailer"
        onClick={[Function]}
        role="tab"
        tabIndex={-1}
      >
        mailer
      </button>
      <button
        aria-controls="0-settings-view"
        aria-selected={false}
        className="caldera-forms-editor-settings-tab-btn "
        id="0-settings"
        onClick={[Function]}
        role="tab"
        tabIndex={-1}
      >
        Settings
      </button>
    </div>
    <div
      aria-labelledby="0-processors"
      className="components-tab-panel__tab-content"
      id="0-processors-view"
      role="tabpanel"
      tabIndex="0"
    >
      <div
        className="caldera-forms-editor-processors"
      >
        <h2>
          Processors
        </h2>
        <div>
          <div>
            <div
              className="sc-bdVaJa caldera-row sc-bwzfXH pjOvZ"
              id={undefined}
            >
              <button
                className="caldera-forms-choose-processor caldera-forms-choose-processor-season7Episode2"
                onClick={[Function]}
              >
                Test sending form data to test API
              </button>
            </div>
            <div
              className="sc-bdVaJa caldera-row sc-bwzfXH pjOvZ"
              id={undefined}
            >
              <button
                className="caldera-forms-choose-processor caldera-forms-choose-processor-p2"
                onClick={[Function]}
              >
                Main MailChimp
              </button>
            </div>
          </div>
        </div>
      </div>
    </div>
  </div>
</div>
`;
