// Jest Snapshot v1, https://goo.gl/fbAQLP

exports[`Form EntryViewer component No entries or forms 1`] = `
<div>
  No Fields
</div>
`;
