// Jest Snapshot v1, https://goo.gl/fbAQLP

exports[`y Matches snapshot with Success message 1`] = `
<y
  isError={false}
>
  Good Things!
</y>
`;

exports[`y Matches snapshot with error message 1`] = `
<y
  isError={true}
>
  Bad Things!
</y>
`;
