// Jest Snapshot v1, https://goo.gl/fbAQLP

exports[`Field label 1`] = `
<div
  className="caldera-field caldera-field-text"
>
  <input />
</div>
`;
